// Jest Snapshot v1, https://goo.gl/fbAQLP

exports[`Test de <Formulario/> debe coincidir con el snapshot 1`] = `
<div>
  <form
    aria-label="form"
  >
    <h2>
      Introduce los datos
    </h2>
    <input
      placeholder="nombre de dominio"
    />
    <input
      placeholder="ip servidor primario"
    />
    <input
      placeholder="ip servidor secundario"
    />
    <input
      placeholder="nombre otro host"
    />
    <input
      placeholder="ip otro host"
    />
    <input
      placeholder="ip ftp"
    />
    <input
      placeholder="mascara 8-16-24"
    />
    <button>
      Generar documentaci√≥n
    </button>
  </form>
</div>
`;
